[COMPILER] Error: Undeclared procedure pb in line 14
