[COMPILER] Error: Incorrect usage of array a in line 13
