[COMPILER] Warning: Variable d might not be initialized, used in line 7
[COMPILER] Warning: Variable d might not be initialized, used in line 7
