[COMPILER] Error: Incorrect usage of array c in line 6
