[COMPILER] Error: Undeclared variable e in line 6
