[COMPILER] Error: Incorrect procedure pa call parameter in line 14
