[COMPILER] Error: Redeclaration of variable a in line 5
