340282367713220089251654026161790386200
340282367713220089251654026161790386200
