0
4
10
22
0
0
10
0
3
0
0
0
120
180
0
0
0
10
0
9
3
0
0
0
0
2
0
2
